
Copyright (C) 1994-2026 Synopsys, Inc.
This Synopsys software and all associated documentation are proprietary to Synopsys, Inc.
and may only be used pursuant to the terms and conditions of a written license agreement
with Synopsys, Inc. All other use, reproduction, modification, or distribution of the
Synopsys software or the associated documentation is strictly prohibited.
Tool: Synplify Pro (R)
Build: Y-2026.03M
Install: /home/ubuntu/microchip/Libero_SoC_2026.1/Libero_SoC/Synplify_Pro
OS: Ubuntu Core 26
Hostname: ubuntu
max virtual memory: unlimited (bytes)
max user processes: 234516
max stack size: 8388608 (bytes)


Implementation : synthesis

# Written on Sat Sep 26 23:06:09 2026

##### DESIGN INFO #######################################################

Top View:                "gemm_dma_top"
Constraint File(s):      (none)




##### SUMMARY ############################################################

Found 0 issues in 0 out of 0 constraints


##### DETAILS ############################################################


Clock Summary
*************

          Start                Requested     Requested     Clock        Clock                                          Clock
Level     Clock                Frequency     Period        Type         Group                                          Load 
----------------------------------------------------------------------------------------------------------------------------
0 -       gemm_dma_top|clk     50.0 MHz      20.000        inferred     Inferred_clkgroup_0, Inferred_clkgroup_0_1     15868
============================================================================================================================


Clock Load Summary
******************

                     Clock     Source        Clock Pin           Non-clock Pin     Non-clock Pin
Clock                Load      Pin           Seq Example         Seq Example       Comb Example 
------------------------------------------------------------------------------------------------
gemm_dma_top|clk     15868     clk(port)     s_axi_awready.C     -                 clk.A(CLKINT)
================================================================================================



Clock Relationships
*******************

Starting             Ending               |     rise to rise     |     fall to fall     |     rise to fall     |     fall to rise                     
-----------------------------------------------------------------------------------------------------------------------------------------------------
gemm_dma_top|clk     gemm_dma_top|clk     |     20.000           |     No paths         |     No paths         |     No paths                         
=====================================================================================================================================================
 Note: 'No paths' indicates there are no paths in the design for that pair of clock edges.
       'Diff grp' indicates that paths exist but the starting clock and ending clock are in different clock groups.


Unconstrained Start/End Points
******************************

p:irq
p:led_busy
p:led_done
p:m_axi_araddr[0]
p:m_axi_araddr[1]
p:m_axi_araddr[2]
p:m_axi_araddr[3]
p:m_axi_araddr[4]
p:m_axi_araddr[5]
p:m_axi_araddr[6]
p:m_axi_araddr[7]
p:m_axi_araddr[8]
p:m_axi_araddr[9]
p:m_axi_araddr[10]
p:m_axi_araddr[11]
p:m_axi_araddr[12]
p:m_axi_araddr[13]
p:m_axi_araddr[14]
p:m_axi_araddr[15]
p:m_axi_araddr[16]
p:m_axi_araddr[17]
p:m_axi_araddr[18]
p:m_axi_araddr[19]
p:m_axi_araddr[20]
p:m_axi_araddr[21]
p:m_axi_araddr[22]
p:m_axi_araddr[23]
p:m_axi_araddr[24]
p:m_axi_araddr[25]
p:m_axi_araddr[26]
p:m_axi_araddr[27]
p:m_axi_araddr[28]
p:m_axi_araddr[29]
p:m_axi_araddr[30]
p:m_axi_araddr[31]
p:m_axi_arburst[0]
p:m_axi_arburst[1]
p:m_axi_arcache[0]
p:m_axi_arcache[1]
p:m_axi_arcache[2]
p:m_axi_arcache[3]
p:m_axi_arlen[0]
p:m_axi_arlen[1]
p:m_axi_arlen[2]
p:m_axi_arlen[3]
p:m_axi_arlen[4]
p:m_axi_arlen[5]
p:m_axi_arlen[6]
p:m_axi_arlen[7]
p:m_axi_arlock
p:m_axi_arprot[0]
p:m_axi_arprot[1]
p:m_axi_arprot[2]
p:m_axi_arqos[0]
p:m_axi_arqos[1]
p:m_axi_arqos[2]
p:m_axi_arqos[3]
p:m_axi_arready
p:m_axi_arsize[0]
p:m_axi_arsize[1]
p:m_axi_arsize[2]
p:m_axi_arvalid
p:m_axi_awaddr[0]
p:m_axi_awaddr[1]
p:m_axi_awaddr[2]
p:m_axi_awaddr[3]
p:m_axi_awaddr[4]
p:m_axi_awaddr[5]
p:m_axi_awaddr[6]
p:m_axi_awaddr[7]
p:m_axi_awaddr[8]
p:m_axi_awaddr[9]
p:m_axi_awaddr[10]
p:m_axi_awaddr[11]
p:m_axi_awaddr[12]
p:m_axi_awaddr[13]
p:m_axi_awaddr[14]
p:m_axi_awaddr[15]
p:m_axi_awaddr[16]
p:m_axi_awaddr[17]
p:m_axi_awaddr[18]
p:m_axi_awaddr[19]
p:m_axi_awaddr[20]
p:m_axi_awaddr[21]
p:m_axi_awaddr[22]
p:m_axi_awaddr[23]
p:m_axi_awaddr[24]
p:m_axi_awaddr[25]
p:m_axi_awaddr[26]
p:m_axi_awaddr[27]
p:m_axi_awaddr[28]
p:m_axi_awaddr[29]
p:m_axi_awaddr[30]
p:m_axi_awaddr[31]
p:m_axi_awburst[0]
p:m_axi_awburst[1]
p:m_axi_awcache[0]
p:m_axi_awcache[1]
p:m_axi_awcache[2]
p:m_axi_awcache[3]
p:m_axi_awlen[0]
p:m_axi_awlen[1]
p:m_axi_awlen[2]
p:m_axi_awlen[3]
p:m_axi_awlen[4]
p:m_axi_awlen[5]
p:m_axi_awlen[6]
p:m_axi_awlen[7]
p:m_axi_awlock
p:m_axi_awprot[0]
p:m_axi_awprot[1]
p:m_axi_awprot[2]
p:m_axi_awqos[0]
p:m_axi_awqos[1]
p:m_axi_awqos[2]
p:m_axi_awqos[3]
p:m_axi_awready
p:m_axi_awsize[0]
p:m_axi_awsize[1]
p:m_axi_awsize[2]
p:m_axi_awvalid
p:m_axi_bready
p:m_axi_bresp[0]
p:m_axi_bresp[1]
p:m_axi_bvalid
p:m_axi_rdata[0]
p:m_axi_rdata[1]
p:m_axi_rdata[2]
p:m_axi_rdata[3]
p:m_axi_rdata[4]
p:m_axi_rdata[5]
p:m_axi_rdata[6]
p:m_axi_rdata[7]
p:m_axi_rdata[8]
p:m_axi_rdata[9]
p:m_axi_rdata[10]
p:m_axi_rdata[11]
p:m_axi_rdata[12]
p:m_axi_rdata[13]
p:m_axi_rdata[14]
p:m_axi_rdata[15]
p:m_axi_rdata[16]
p:m_axi_rdata[17]
p:m_axi_rdata[18]
p:m_axi_rdata[19]
p:m_axi_rdata[20]
p:m_axi_rdata[21]
p:m_axi_rdata[22]
p:m_axi_rdata[23]
p:m_axi_rdata[24]
p:m_axi_rdata[25]
p:m_axi_rdata[26]
p:m_axi_rdata[27]
p:m_axi_rdata[28]
p:m_axi_rdata[29]
p:m_axi_rdata[30]
p:m_axi_rdata[31]
p:m_axi_rlast
p:m_axi_rready
p:m_axi_rresp[0]
p:m_axi_rresp[1]
p:m_axi_rvalid
p:m_axi_wdata[0]
p:m_axi_wdata[1]
p:m_axi_wdata[2]
p:m_axi_wdata[3]
p:m_axi_wdata[4]
p:m_axi_wdata[5]
p:m_axi_wdata[6]
p:m_axi_wdata[7]
p:m_axi_wdata[8]
p:m_axi_wdata[9]
p:m_axi_wdata[10]
p:m_axi_wdata[11]
p:m_axi_wdata[12]
p:m_axi_wdata[13]
p:m_axi_wdata[14]
p:m_axi_wdata[15]
p:m_axi_wdata[16]
p:m_axi_wdata[17]
p:m_axi_wdata[18]
p:m_axi_wdata[19]
p:m_axi_wdata[20]
p:m_axi_wdata[21]
p:m_axi_wdata[22]
p:m_axi_wdata[23]
p:m_axi_wdata[24]
p:m_axi_wdata[25]
p:m_axi_wdata[26]
p:m_axi_wdata[27]
p:m_axi_wdata[28]
p:m_axi_wdata[29]
p:m_axi_wdata[30]
p:m_axi_wdata[31]
p:m_axi_wlast
p:m_axi_wready
p:m_axi_wstrb[0]
p:m_axi_wstrb[1]
p:m_axi_wstrb[2]
p:m_axi_wstrb[3]
p:m_axi_wvalid
p:rst_n
p:s_axi_araddr[0]
p:s_axi_araddr[1]
p:s_axi_araddr[2]
p:s_axi_araddr[3]
p:s_axi_araddr[4]
p:s_axi_araddr[5]
p:s_axi_araddr[6]
p:s_axi_araddr[7]
p:s_axi_araddr[8]
p:s_axi_araddr[9]
p:s_axi_araddr[10]
p:s_axi_araddr[11]
p:s_axi_araddr[12]
p:s_axi_araddr[13]
p:s_axi_araddr[14]
p:s_axi_araddr[15]
p:s_axi_araddr[16]
p:s_axi_araddr[17]
p:s_axi_araddr[18]
p:s_axi_araddr[19]
p:s_axi_araddr[20]
p:s_axi_araddr[21]
p:s_axi_araddr[22]
p:s_axi_araddr[23]
p:s_axi_araddr[24]
p:s_axi_araddr[25]
p:s_axi_araddr[26]
p:s_axi_araddr[27]
p:s_axi_araddr[28]
p:s_axi_araddr[29]
p:s_axi_araddr[30]
p:s_axi_araddr[31]
p:s_axi_arready
p:s_axi_arvalid
p:s_axi_awaddr[0]
p:s_axi_awaddr[1]
p:s_axi_awaddr[2]
p:s_axi_awaddr[3]
p:s_axi_awaddr[4]
p:s_axi_awaddr[5]
p:s_axi_awaddr[6]
p:s_axi_awaddr[7]
p:s_axi_awaddr[8]
p:s_axi_awaddr[9]
p:s_axi_awaddr[10]
p:s_axi_awaddr[11]
p:s_axi_awaddr[12]
p:s_axi_awaddr[13]
p:s_axi_awaddr[14]
p:s_axi_awaddr[15]
p:s_axi_awaddr[16]
p:s_axi_awaddr[17]
p:s_axi_awaddr[18]
p:s_axi_awaddr[19]
p:s_axi_awaddr[20]
p:s_axi_awaddr[21]
p:s_axi_awaddr[22]
p:s_axi_awaddr[23]
p:s_axi_awaddr[24]
p:s_axi_awaddr[25]
p:s_axi_awaddr[26]
p:s_axi_awaddr[27]
p:s_axi_awaddr[28]
p:s_axi_awaddr[29]
p:s_axi_awaddr[30]
p:s_axi_awaddr[31]
p:s_axi_awready
p:s_axi_awvalid
p:s_axi_bready
p:s_axi_bresp[0]
p:s_axi_bresp[1]
p:s_axi_bvalid
p:s_axi_rdata[0]
p:s_axi_rdata[1]
p:s_axi_rdata[2]
p:s_axi_rdata[3]
p:s_axi_rdata[4]
p:s_axi_rdata[5]
p:s_axi_rdata[6]
p:s_axi_rdata[7]
p:s_axi_rdata[8]
p:s_axi_rdata[9]
p:s_axi_rdata[10]
p:s_axi_rdata[11]
p:s_axi_rdata[12]
p:s_axi_rdata[13]
p:s_axi_rdata[14]
p:s_axi_rdata[15]
p:s_axi_rdata[16]
p:s_axi_rdata[17]
p:s_axi_rdata[18]
p:s_axi_rdata[19]
p:s_axi_rdata[20]
p:s_axi_rdata[21]
p:s_axi_rdata[22]
p:s_axi_rdata[23]
p:s_axi_rdata[24]
p:s_axi_rdata[25]
p:s_axi_rdata[26]
p:s_axi_rdata[27]
p:s_axi_rdata[28]
p:s_axi_rdata[29]
p:s_axi_rdata[30]
p:s_axi_rdata[31]
p:s_axi_rready
p:s_axi_rresp[0]
p:s_axi_rresp[1]
p:s_axi_rvalid
p:s_axi_wdata[0]
p:s_axi_wdata[1]
p:s_axi_wdata[2]
p:s_axi_wdata[3]
p:s_axi_wdata[4]
p:s_axi_wdata[5]
p:s_axi_wdata[6]
p:s_axi_wdata[7]
p:s_axi_wdata[8]
p:s_axi_wdata[9]
p:s_axi_wdata[10]
p:s_axi_wdata[11]
p:s_axi_wdata[12]
p:s_axi_wdata[13]
p:s_axi_wdata[14]
p:s_axi_wdata[15]
p:s_axi_wdata[16]
p:s_axi_wdata[17]
p:s_axi_wdata[18]
p:s_axi_wdata[19]
p:s_axi_wdata[20]
p:s_axi_wdata[21]
p:s_axi_wdata[22]
p:s_axi_wdata[23]
p:s_axi_wdata[24]
p:s_axi_wdata[25]
p:s_axi_wdata[26]
p:s_axi_wdata[27]
p:s_axi_wdata[28]
p:s_axi_wdata[29]
p:s_axi_wdata[30]
p:s_axi_wdata[31]
p:s_axi_wready
p:s_axi_wstrb[0]
p:s_axi_wstrb[1]
p:s_axi_wstrb[2]
p:s_axi_wstrb[3]
p:s_axi_wvalid


Inapplicable constraints
************************

(none)


Applicable constraints with issues
**********************************

(none)


Constraints with matching wildcard expressions
**********************************************

(none)


Library Report
**************


# End of Constraint Checker Report
