
Copyright (C) 1994-2026 Synopsys, Inc.
This Synopsys software and all associated documentation are proprietary to Synopsys, Inc.
and may only be used pursuant to the terms and conditions of a written license agreement
with Synopsys, Inc. All other use, reproduction, modification, or distribution of the
Synopsys software or the associated documentation is strictly prohibited.
Tool: Synplify Pro (R)
Build: Y-2026.03M
Install: /home/ubuntu/microchip/Libero_SoC_2026.1/Libero_SoC/Synplify_Pro
OS: Ubuntu 24.04.4 LTS
Hostname: ubuntu
max virtual memory: unlimited (bytes)
max user processes: 234524
max stack size: 8388608 (bytes)


Implementation : synthesis

# Written on Wed Aug 26 23:28:19 2026

##### DESIGN INFO #######################################################

Top View:                "gemm_top"
Constraint File(s):      "/home/ubuntu/GEMMCNN/designer/gemm_top/synthesis.fdc"




##### SUMMARY ############################################################

Found 0 issues in 0 out of 2 constraints


##### DETAILS ############################################################


Clock Summary
*************

          Start            Requested     Requested     Clock        Clock                                          Clock
Level     Clock            Frequency     Period        Type         Group                                          Load 
------------------------------------------------------------------------------------------------------------------------
0 -       gemm_top|clk     100.0 MHz     10.000        inferred     Inferred_clkgroup_0, Inferred_clkgroup_0_1     16   
========================================================================================================================


Clock Load Summary
******************

                 Clock     Source        Clock Pin           Non-clock Pin     Non-clock Pin    
Clock            Load      Pin           Seq Example         Seq Example       Comb Example     
------------------------------------------------------------------------------------------------
gemm_top|clk     16        clk(port)     s_axi_arvalid.C     -                 u_clk_buf.I(BUFG)
================================================================================================



Clock Relationships
*******************

Starting         Ending           |     rise to rise     |     fall to fall     |     rise to fall     |     fall to rise                     
---------------------------------------------------------------------------------------------------------------------------------------------
gemm_top|clk     gemm_top|clk     |     10.000           |     No paths         |     No paths         |     No paths                         
=============================================================================================================================================
 Note: 'No paths' indicates there are no paths in the design for that pair of clock edges.
       'Diff grp' indicates that paths exist but the starting clock and ending clock are in different clock groups.


Unconstrained Start/End Points
******************************

p:led_busy
p:led_done
p:rst_n


Inapplicable constraints
************************

(none)


Applicable constraints with issues
**********************************

(none)


Constraints with matching wildcard expressions
**********************************************

(none)


Library Report
**************


# End of Constraint Checker Report
