
Copyright (C) 1994-2026 Synopsys, Inc.
This Synopsys software and all associated documentation are proprietary to Synopsys, Inc.
and may only be used pursuant to the terms and conditions of a written license agreement
with Synopsys, Inc. All other use, reproduction, modification, or distribution of the
Synopsys software or the associated documentation is strictly prohibited.
Tool: Synplify Pro (R)
Build: Y-2026.03M
Install: /home/ubuntu/microchip/Libero_SoC_2026.1/Libero_SoC/Synplify_Pro
OS: Ubuntu Core 26
Hostname: ubuntu
max virtual memory: unlimited (bytes)
max user processes: 234516
max stack size: 8388608 (bytes)


Implementation : synthesis

# Written on Sat Sep 26 23:05:41 2026

##### FILES SYNTAX CHECKED ##############################################
Constraint File(s):      (none)

#Run constraint checker to find more issues with constraints.
#########################################################################



No issues found in constraint syntax.



Clock Summary
*************

          Start                Requested     Requested     Clock        Clock                                          Clock
Level     Clock                Frequency     Period        Type         Group                                          Load 
----------------------------------------------------------------------------------------------------------------------------
0 -       gemm_dma_top|clk     50.0 MHz      20.000        inferred     Inferred_clkgroup_0, Inferred_clkgroup_0_1     14108
============================================================================================================================


Clock Load Summary
******************

                     Clock     Source        Clock Pin         Non-clock Pin     Non-clock Pin
Clock                Load      Pin           Seq Example       Seq Example       Comb Example 
----------------------------------------------------------------------------------------------
gemm_dma_top|clk     14108     clk(port)     state[10:0].C     -                 clk.A(CLKINT)
==============================================================================================
