Option definition override for: enable_hydra_infer_clocks_from_latch_data
One matching license found for this product: synplifypro_actel

                               Synplify Pro (R) 

                 Version Y-2026.03M for linux64 - May 25, 2026 

                    Copyright (c) 1988 - 2026 Synopsys, Inc.
   This software and the associated documentation are proprietary to Synopsys,
 Inc. This software may only be used in accordance with the terms and conditions
 of a written license agreement with Synopsys, Inc. All other use, reproduction,
   or distribution of this software is strictly prohibited.  Licensed Products
     communicate with Synopsys servers for the purpose of providing software
    updates, detecting software piracy and verifying that customers are using
    Licensed Products in conformity with the applicable License Key for such
  Licensed Products. Synopsys will use information gathered in connection with
    this process to deliver software updates and pursue software pirates and
                                   infringers.

 Inclusivity & Diversity - Visit SolvNetPlus to read the "Synopsys Statement on
            Inclusivity and Diversity" (Refer to article 000036315 at
                        https://solvnetplus.synopsys.com)

Starting:    /home/ubuntu/microchip/Libero_SoC_2026.1/Libero_SoC/Synplify_Pro/linux_a_64/mbin/synbatch
Install:     /home/ubuntu/microchip/Libero_SoC_2026.1/Libero_SoC/Synplify_Pro
Hostname:    ubuntu
Date:        Sat Sep 26 23:05:37 2026
Version:     Y-2026.03M

Arguments:   -product synplify_base -batch /home/ubuntu/GEMMCNN/synthesis/gemm_dma_syn.prj
ProductType: synplify_pro

License checkout: synplifypro_actel
License: synplifypro_actel from server localhost 
Licensed Vendor: actel
License Option: actel_oem





Unrecognized package "FCSG325" specified for part "MPFS095T" in gemm_dma_syn:synthesis
log file: "/home/ubuntu/GEMMCNN/synthesis/gemm_dma_top.srr"
Running: synthesis in foreground

Running gemm_dma_syn|synthesis

Running Flow: compile (Compile) on gemm_dma_syn|synthesis
# Sat Sep 26 23:05:38 2026

Running Flow: compile_flow (Compile Process) on gemm_dma_syn|synthesis
# Sat Sep 26 23:05:38 2026

Running: compiler (Compile Input) on gemm_dma_syn|synthesis
# Sat Sep 26 23:05:38 2026
Process ID: 1498039
Copied /home/ubuntu/GEMMCNN/synthesis/synwork/gemm_dma_top_comp.srs to /home/ubuntu/GEMMCNN/synthesis/gemm_dma_top.srs

compiler completed
# Sat Sep 26 23:05:41 2026

Return Code: 0
Run Time:00h:00m:02s

Running: multi_srs_gen (Multi-srs Generator) on gemm_dma_syn|synthesis
# Sat Sep 26 23:05:41 2026
Process ID: 1498117

multi_srs_gen completed
# Sat Sep 26 23:05:41 2026

Return Code: 0
Run Time:00h:00m:00s
Copied /home/ubuntu/GEMMCNN/synthesis/synwork/gemm_dma_top_mult.srs to /home/ubuntu/GEMMCNN/synthesis/gemm_dma_top.srs
Complete: Compile Process on gemm_dma_syn|synthesis

Running: premap (Premap) on gemm_dma_syn|synthesis
# Sat Sep 26 23:05:41 2026
Process ID: 1498133

premap completed with warnings
# Sat Sep 26 23:06:09 2026

Return Code: 1
Run Time:00h:00m:28s
Complete: Compile on gemm_dma_syn|synthesis

Running Flow: map (Map) on gemm_dma_syn|synthesis
# Sat Sep 26 23:06:09 2026
License granted for 4 parallel jobs

Running: fpga_mapper (Map & Optimize) on gemm_dma_syn|synthesis
# Sat Sep 26 23:06:09 2026
Process ID: 1498412
Copied /home/ubuntu/GEMMCNN/synthesis/synwork/gemm_dma_top_m.srm to /home/ubuntu/GEMMCNN/synthesis/gemm_dma_top.srm

fpga_mapper completed with warnings
# Sat Sep 26 23:07:23 2026

Return Code: 1
Run Time:00h:01m:14s
Complete: Map on gemm_dma_syn|synthesis
Complete: Logic Synthesis on gemm_dma_syn|synthesis
exit status=0
exit status=0
License checkin: synplifypro_actel
