Resource Usage Report for gemm_top 

Mapping to part: mpfs095tfcvg784-1
Cell usage:
CLKINT          1 use
CFG1           3 uses
CFG2           5 uses
CFG4           4 uses

Carry cells:
ARI1            7 uses - used for arithmetic functions


Sequential Cells: 
SLE            16 uses

DSP Blocks:    0 of 292 (0%)

I/O ports: 4
I/O primitives: 4
INBUF          2 uses
OUTBUF         2 uses


Global Clock Buffers: 1

Total LUTs:    19

Extra resources required for RAM and MACC_PA interface logic during P&R:

RAM64X12 Interface Logic : SLEs = 0; LUTs = 0;
RAM1K20  Interface Logic : SLEs = 0; LUTs = 0;
MACC_PA     Interface Logic : SLEs = 0; LUTs = 0;
MACC_PA_BC_ROM     Interface Logic : SLEs = 0; LUTs = 0;

Total number of SLEs after P&R:  16 + 0 + 0 + 0 = 16;
Total number of LUTs after P&R:  19 + 0 + 0 + 0 = 19;

