----------------------------------------------------------------
-Pin Report - Date: Wed Aug 26 23:28:50 2026 Pinchecksum: NOT-AVAILABLE
-Product: Designer
-Release: 2026.1
-Version: 2026.1.0.17
-Design Name: gemm_top
-Family: PolarFireSoC
-Die: MPFS095T
-Package: FCSG325
-----------------------------------------------------------------

Port     |Pin |Fixed |Function                                     |Bank     |I/O Std   |Direction    |Used I/O Reg       |User I/O Lock Down |Clamp Diode   |Resistor Pull                     |Use I/O Calibration from the lane |Schmitt Trigger |Vcm Input Range    |On Die Termination |Odt Value (Ohm) |Input Delay |Slew              |Output Drive (mA) |Impedance (ohm)  |Output Load (pF)         |Source Termination (Ohm) |Output Delay |
---------|----|------|---------------------------------------------|---------|----------|-------------|-------------------|-------------------|--------------|----------------------------------|----------------------------------|----------------|-------------------|-------------------|----------------|------------|------------------|------------------|-----------------|-------------------------|-------------------------|-------------|
clk       W20  No     HSIO68PB0/CLKIN_N_4/CCC_NW_PLL0_OUT0          Bank0     LVCMOS18   Input         None                No                  ON             Up                                 No                                 OFF              ---                 OFF                 120              OFF          ---                ---                ---               ---                       ---                       ---           
led_busy  T20  No     HSIO50NB0                                     Bank0     LVCMOS18   Output        None                No                  ON             None                               No                                 ---              ---                 ---                 120              ---          OFF                8                  ---               5                         ---                       OFF           
led_done  U21  No     HSIO48PB0/CCC_NE_CLKIN_N_11                   Bank0     LVCMOS18   Output        None                No                  ON             None                               No                                 ---              ---                 ---                 120              ---          OFF                8                  ---               5                         ---                       OFF           
rst_n     T21  No     HSIO50PB0/CCC_NE_CLKIN_N_10/CCC_NE_PLL0_OUT0  Bank0     LVCMOS18   Input         None                No                  ON             Up                                 No                                 OFF              ---                 OFF                 120              OFF          ---                ---                ---               ---                       ---                       ---           
