Compile Report
Microchip Technology Inc. - Microchip Libero Software Release 2026.1 (Version 2026.1.0.17)
Date: Wed Aug 26 23:28:26 2026

Device Selection
+------------------------+--------------+
| Family                 | PolarFireSoC |
| Device                 | MPFS095T     |
| Package                | FCSG325      |
| Speed Grade            | -1           |
| Core Voltage           | 1.0V         |
| Part Range             | EXT          |
| Default I/O technology | LVCMOS 1.8V  |
+------------------------+--------------+

Source Files
+---------+--------------------------------------------+
| Topcell | gemm_top                                   |
| Format  | Verilog                                    |
| Source  | /home/ubuntu/GEMMCNN/synthesis/gemm_top.vm |
+---------+--------------------------------------------+

Options
+----------------------------------------------------+----+
| Limit the number of high fanout nets to display to | 10 |
+----------------------------------------------------+----+

Resource Usage
+-----------------------------+------+-------+------------+
| Type                        | Used | Total | Percentage |
+-----------------------------+------+-------+------------+
| 4LUT                        | 19   | 93516 | 0.02       |
| DFF                         | 16   | 93516 | 0.02       |
| User I/O                    | 4    | 80    | 5.00       |
| -- Single-ended I/O         | 4    | 80    | 5.00       |
| -- Differential I/O Pairs   | 0    | 40    | 0.00       |
| -- I/Os using I/O Registers | 0    | 80    | 0.00       |
| I/O Register Flip-Flops     | 0    | 240   | 0.00       |
| -- Input  I/O Flip-Flops    | 0    | 80    | 0.00       |
| -- Output I/O Flip-Flops    | 0    | 80    | 0.00       |
| -- Enable I/O Flip-Flops    | 0    | 80    | 0.00       |
| uSRAM                       | 0    | 876   | 0.00       |
| LSRAM                       | 0    | 308   | 0.00       |
| Math                        | 0    | 292   | 0.00       |
| H-Chip Global               | 1    | 48    | 2.08       |
| PLL                         | 0    | 8     | 0.00       |
| DLL                         | 0    | 8     | 0.00       |
| Transceiver Lanes           | 0    | 2     | 0.00       |
| Transceiver PCIe            | 0    | 2     | 0.00       |
| MSS                         | 0    | 1     | 0.00       |
+-----------------------------+------+-------+------------+

Detailed Logic Resource Usage
+-----------------------+------+-----+
| Type                  | 4LUT | DFF |
+-----------------------+------+-----+
| Fabric Logic          | 19   | 16  |
| uSRAM Interface Logic | 0    | 0   |
| LSRAM Interface Logic | 0    | 0   |
| Math Interface Logic  | 0    | 0   |
| Total Used            | 19   | 16  |
+-----------------------+------+-----+

Detailed Carry Chains Resource Usage
+--------+------+
| Length | Used |
| 7      | 1    |
| Total  | 1    |
+--------+------+

I/O Function
+-------------------------------+--------------+-------------+-----------------+
| Type                          | w/o register | w/ register | w/ DDR register |
+-------------------------------+--------------+-------------+-----------------+
| Input I/O                     | 2            | 0           | 0               |
| Output I/O                    | 2            | 0           | 0               |
| Bidirectional I/O             | 0            | 0           | 0               |
| Differential Input I/O Pairs  | 0            | 0           | 0               |
| Differential Output I/O Pairs | 0            | 0           | 0               |
+-------------------------------+--------------+-------------+-----------------+

Nets assigned to chip global resources
+--------+---------+---------------------------+
| Fanout | Type    | Name                      |
+--------+---------+---------------------------+
| 16     | INT_NET | Net   : clk_buf           |
|        |         | Driver: u_clk_buf/U0_RGB1 |
|        |         | Source: NETLIST           |
+--------+---------+---------------------------+

Nets assigned to row global resources
+--------+------+------+
| Fanout | Type | Name |
+--------+------+------+
+--------+------+------+

High fanout nets
+--------+---------+-------------------------------------------+
| Fanout | Type    | Name                                      |
+--------+---------+-------------------------------------------+
| 16     | INT_NET | Net   : rst_n_c                           |
|        |         | Driver: rst_n_ibuf                        |
| 12     | INT_NET | Net   : busy_wire                         |
|        |         | Driver: u_gemm_axi/core_inst/busy_Z       |
| 7      | INT_NET | Net   : u_gemm_axi/core_inst/cycle_cnt_1e |
|        |         | Driver: u_gemm_axi/core_inst/un1_busy10   |
| 4      | INT_NET | Net   : state_Z[0]                        |
|        |         | Driver: state[0]                          |
| 4      | INT_NET | Net   : s_axi_arready                     |
|        |         | Driver: u_gemm_axi/s_axi_arready          |
| 4      | INT_NET | Net   : u_gemm_axi/s_axi_wready           |
|        |         | Driver: u_gemm_axi/s_axi_awready          |
| 2      | INT_NET | Net   : state_Z[1]                        |
|        |         | Driver: state[1]                          |
| 2      | INT_NET | Net   : s_axi_wvalid_Z                    |
|        |         | Driver: s_axi_wvalid                      |
| 2      | INT_NET | Net   : state_5_d                         |
|        |         | Driver: u_gemm_axi/state_s0_0_a2          |
| 2      | INT_NET | Net   : u_gemm_axi/ctrl_reg_Z[0]          |
|        |         | Driver: u_gemm_axi/ctrl_reg[0]            |
+--------+---------+-------------------------------------------+

High fanout nets (through buffer trees)
+--------+---------+-------------------------------------------+
| Fanout | Type    | Name                                      |
+--------+---------+-------------------------------------------+
| 16     | INT_NET | Net   : rst_n_c                           |
|        |         | Driver: rst_n_ibuf                        |
| 12     | INT_NET | Net   : busy_wire                         |
|        |         | Driver: u_gemm_axi/core_inst/busy_Z       |
| 7      | INT_NET | Net   : u_gemm_axi/core_inst/cycle_cnt_1e |
|        |         | Driver: u_gemm_axi/core_inst/un1_busy10   |
| 4      | INT_NET | Net   : state_Z[0]                        |
|        |         | Driver: state[0]                          |
| 4      | INT_NET | Net   : s_axi_arready                     |
|        |         | Driver: u_gemm_axi/s_axi_arready          |
| 4      | INT_NET | Net   : u_gemm_axi/s_axi_wready           |
|        |         | Driver: u_gemm_axi/s_axi_awready          |
| 2      | INT_NET | Net   : state_Z[1]                        |
|        |         | Driver: state[1]                          |
| 2      | INT_NET | Net   : s_axi_wvalid_Z                    |
|        |         | Driver: s_axi_wvalid                      |
| 2      | INT_NET | Net   : state_5_d                         |
|        |         | Driver: u_gemm_axi/state_s0_0_a2          |
| 2      | INT_NET | Net   : u_gemm_axi/ctrl_reg_Z[0]          |
|        |         | Driver: u_gemm_axi/ctrl_reg[0]            |
+--------+---------+-------------------------------------------+

