Info: No timing constraint has been associated to the 'Place and Route' tool. 'Place and Route' will be run in non Timing Driven mode.
INFO: The option "Abort flow if errors are found in PDC" is turned ON in Project Settings> Design flow page. The Place & Route tool will fail if errors are found in associated PDC files. Please uncheck the option to ignore the errors and continue running the tool
***** Place and Route Configurations *****
Timing-driven            : OFF
Power-driven             : OFF
I/O Register Combining   : OFF
Global Pins Demotion     : OFF
Driver Replication       : OFF
High-effort              : OFF
Repair min-delay         : OFF
Incremental              : OFF

INFO: No User PDC file(s) was specified.

Running the I/O Bank and Globals Assigner.
Info:  Globals Assigner found no global involed in the problem.
Info:  I/O Bank and Globals Assigner identified 0 fixed I/O macros, 4 unfixed I/O macros

I/O Bank and Globals Assigner completed successfully.
Total time spent in I/O Bank and Globals Assigner: 1 seconds

Placer V5.0 - 2026.1.0
Design: gemm_top                        Started: Wed Aug 26 23:28:29 2026

Initializing Normal-Effort Standard Placement ...
Clustering ...
Placing ...
Improving placement ...
End of placement.

Placer Runtime Summary   :
Clustering (1 pass)      : 0 seconds
Placement                : 0 seconds
Improvement              : 0 seconds

Placer completed successfully.

Design: gemm_top
Finished: Wed Aug 26 23:28:39 2026
Total CPU Time:     00:00:08            Total Elapsed Time: 00:00:10
Total Memory Usage: 1246.7 Mbytes
                        o - o - o - o - o - o


Router
Design: gemm_top                        Started: Wed Aug 26 23:28:42 2026


Router completed successfully.

Design: gemm_top
Finished: Wed Aug 26 23:28:48 2026
Total CPU Time:     00:00:05            Total Elapsed Time: 00:00:06
Total Memory Usage: 2103.1 Mbytes
                        o - o - o - o - o - o

Resource Usage
+---------------------------+------+-------+------------+
| Type                      | Used | Total | Percentage |
+---------------------------+------+-------+------------+
| 4LUT                      | 19   | 93516 | 0.02       |
| DFF                       | 16   | 93516 | 0.02       |
| Logic Element             | 19   | 93516 | 0.02       |
| I/Os using I/O Registers  | 0    | 80    | 0.00       |
| I/O Register Flip-Flops   | 0    | 240   | 0.00       |
| -- Input  I/O Flip-Flops  | 0    | 80    | 0.00       |
| -- Output I/O Flip-Flops  | 0    | 80    | 0.00       |
| -- Enable I/O Flip-Flops  | 0    | 80    | 0.00       |
+---------------------------+------+-------+------------+

I/O Placement
+--------+-------+------------+
| Type   | Count | Percentage |
+--------+-------+------------+
| Locked |  0    | 0.00%      |
| Placed |  4    | 100.00%    |
+--------+-------+------------+

Completed writing pin report files.
