
Copyright (C) 1994-2026 Synopsys, Inc.
This Synopsys software and all associated documentation are proprietary to Synopsys, Inc.
and may only be used pursuant to the terms and conditions of a written license agreement
with Synopsys, Inc. All other use, reproduction, modification, or distribution of the
Synopsys software or the associated documentation is strictly prohibited.
Tool: Synplify Pro (R)
Build: Y-2026.03M
Install: /home/ubuntu/microchip/Libero_SoC_2026.1/Libero_SoC/Synplify_Pro
OS: Ubuntu Core 26
Hostname: ubuntu
max virtual memory: unlimited (bytes)
max user processes: 234516
max stack size: unlimited (bytes)


Implementation : synthesis
Synopsys HDL compiler and linker, Version comp202603synp1, Build 0R, Built May 25 2026 08:44:22, @6660603

Modified Files: 8
FID:  path (prevtimestamp, timestamp)
0        /home/ubuntu/GEMMCNN/component/MSS_syn_comps.v (2026-08-26 23:28:00, N/A)
1        /home/ubuntu/GEMMCNN/component/syn_comps.v (2026-08-26 23:28:00, N/A)
2        /home/ubuntu/GEMMCNN/hdl/gemm_axi_slave.v (2026-08-26 23:22:50, N/A)
11       /home/ubuntu/GEMMCNN/hdl/gemm_dma_top.v (N/A, 2026-09-26 23:05:27)
3        /home/ubuntu/GEMMCNN/hdl/gemm_pe.v (2026-08-26 23:22:50, 2026-09-26 23:05:27)
12       /home/ubuntu/GEMMCNN/hdl/gemm_skew_buffer.v (N/A, 2026-09-26 23:05:27)
4        /home/ubuntu/GEMMCNN/hdl/gemm_systolic_core.v (2026-08-26 23:22:50, 2026-09-26 23:05:27)
5        /home/ubuntu/GEMMCNN/hdl/gemm_top.v (2026-08-26 23:22:50, N/A)

*******************************************************************
Modules that may have changed as a result of file changes: 4
MID:  lib.cell.view
76       work.gemm_dma_top.verilog may have changed because the following files changed:
                        /home/ubuntu/GEMMCNN/hdl/gemm_dma_top.v (N/A, 2026-09-26 23:05:27) <-- (module definition)
73       work.gemm_pe.verilog may have changed because the following files changed:
                        /home/ubuntu/GEMMCNN/hdl/gemm_dma_top.v (N/A, 2026-09-26 23:05:27) <-- (may instantiate this module)
                        /home/ubuntu/GEMMCNN/hdl/gemm_pe.v (2026-08-26 23:22:50, 2026-09-26 23:05:27) <-- (module definition)
                        /home/ubuntu/GEMMCNN/hdl/gemm_systolic_core.v (2026-08-26 23:22:50, 2026-09-26 23:05:27) <-- (may instantiate this module)
77       work.gemm_skew_buffer.verilog may have changed because the following files changed:
                        /home/ubuntu/GEMMCNN/hdl/gemm_dma_top.v (N/A, 2026-09-26 23:05:27) <-- (may instantiate this module)
                        /home/ubuntu/GEMMCNN/hdl/gemm_skew_buffer.v (N/A, 2026-09-26 23:05:27) <-- (module definition)
                        /home/ubuntu/GEMMCNN/hdl/gemm_systolic_core.v (2026-08-26 23:22:50, 2026-09-26 23:05:27) <-- (may instantiate this module)
74       work.gemm_systolic_core.verilog may have changed because the following files changed:
                        /home/ubuntu/GEMMCNN/hdl/gemm_dma_top.v (N/A, 2026-09-26 23:05:27) <-- (may instantiate this module)
                        /home/ubuntu/GEMMCNN/hdl/gemm_systolic_core.v (2026-08-26 23:22:50, 2026-09-26 23:05:27) <-- (module definition)

*******************************************************************
Unmodified files: 5
FID:  path (timestamp)
6        /home/ubuntu/microchip/Libero_SoC_2026.1/Libero_SoC/Synplify_Pro/lib/generic/acg5.v (2026-05-25 23:10:09)
7        /home/ubuntu/microchip/Libero_SoC_2026.1/Libero_SoC/Synplify_Pro/lib/vlog/hypermods.v (2026-05-25 23:16:15)
8        /home/ubuntu/microchip/Libero_SoC_2026.1/Libero_SoC/Synplify_Pro/lib/vlog/scemi_objects.v (2026-05-25 23:16:15)
9        /home/ubuntu/microchip/Libero_SoC_2026.1/Libero_SoC/Synplify_Pro/lib/vlog/scemi_pipes.svh (2026-05-25 23:16:15)
10       /home/ubuntu/microchip/Libero_SoC_2026.1/Libero_SoC/Synplify_Pro/lib/vlog/umr_capim.v (2026-05-25 23:16:15)

*******************************************************************
Unchanged modules: 0
MID:  lib.cell.view
